]0;~/Desktop/142/hw/Homework1[?1034hMacBookPro: wilsonwang~/Desktop/142/hw/Homework1 $ git status
On branch master

Initial commit

Untracked files:
  (use "git add <file>..." to include in what will be committed)

	[31m../../../.gitignore[m
	[31m../../../.idea/[m
	[31m../../../.localized[m
	[31m../../[m
	[31m../../../Cracking the Coding Interview, 6th Edition 189 Programming Questions and Solutions.pdf[m
	[31m../../../IEOR172/[m
	[31m../../../InterviewPrep/[m
	[31m../../../Schedule.png[m
	[31m../../../Screen Shot 2018-08-07 at 4.38.55 PM.png[m
	[31m../../../Screen Shot 2018-08-16 at 12.40.49 AM.png[m
	[31m../../../Screen Shot 2018-08-19 at 11.48.49 PM.png[m
	[31m../../../Screen Shot 2018-08-23 at 11.49.55 PM.png[m
	[31m../../../Screen Shot 2018-08-25 at 7.35.21 PM.png[m
	[31m../../../Screen Shot 2018-08-31 at 1.11.13 PM.png[m
	[31m../../../Screen Shot 2018-08-31 at 1.11.20 PM.png[m
	[31m../../../Screen Shot 2018-08-31 at 1.11.26 PM.png[m
	[31m../../../Screen Shot 2018-08-31 at 1.11.34 PM.png[m
	[31m../../../Screen Shot 2018-08-31 at 1.11.41 PM.png[m
	[31m../../../Screen Shot 2018-09-03 at 11.21.30 AM.png[m
	[31m../../../Screen Shot 2018-09-03 at 2.46.05 PM.png[m
	[31m../../../Screen Shot 2018-09-04 at 8.27.53 PM.png[m
	[31m../../../Screen Shot 2018-09-05 at 4.56.13 PM.png[m
	[31m../../../Screen Shot 2018-09-08 at 3.35.37 PM.png[m
	[31m../../../Screen Shot 2018-09-08 at 3.41.20 PM.png[m
	[31m../../../cs186/[m
	[31m../../../local3000fix.png[m
	[31m../../../pics/[m
	[31m../../../rake assets.png[m
	[31m../../../reset heroku database.png[m
	[31m../../../resumes/[m
	[31m../../../vladstudio_moai_1280x960_signed-1024x768.jpg[m

nothing added to commit but untracked files present (use "git add" to track)
]0;~/Desktop/142/hw/Homework1MacBookPro: wilsonwang~/Desktop/142/hw/Homework1 $ cd ..
]0;~/Desktop/142/hwMacBookPro: wilsonwang~/Desktop/142/hw $ cd ..
]0;~/Desktop/142MacBookPro: wilsonwang~/Desktop/142 $ ls
hw	labs
]0;~/Desktop/142MacBookPro: wilsonwang~/Desktop/142 $ git status
On branch master

Initial commit

Untracked files:
  (use "git add <file>..." to include in what will be committed)

	[31m../.gitignore[m
	[31m../.idea/[m
	[31m../.localized[m
	[31m./[m
	[31m../Cracking the Coding Interview, 6th Edition 189 Programming Questions and Solutions.pdf[m
	[31m../IEOR172/[m
	[31m../InterviewPrep/[m
	[31m../Schedule.png[m
	[31m../Screen Shot 2018-08-07 at 4.38.55 PM.png[m
	[31m../Screen Shot 2018-08-16 at 12.40.49 AM.png[m
	[31m../Screen Shot 2018-08-19 at 11.48.49 PM.png[m
	[31m../Screen Shot 2018-08-23 at 11.49.55 PM.png[m
	[31m../Screen Shot 2018-08-25 at 7.35.21 PM.png[m
	[31m../Screen Shot 2018-08-31 at 1.11.13 PM.png[m
	[31m../Screen Shot 2018-08-31 at 1.11.20 PM.png[m
	[31m../Screen Shot 2018-08-31 at 1.11.26 PM.png[m
	[31m../Screen Shot 2018-08-31 at 1.11.34 PM.png[m
	[31m../Screen Shot 2018-08-31 at 1.11.41 PM.png[m
	[31m../Screen Shot 2018-09-03 at 11.21.30 AM.png[m
	[31m../Screen Shot 2018-09-03 at 2.46.05 PM.png[m
	[31m../Screen Shot 2018-09-04 at 8.27.53 PM.png[m
	[31m../Screen Shot 2018-09-05 at 4.56.13 PM.png[m
	[31m../Screen Shot 2018-09-08 at 3.35.37 PM.png[m
	[31m../Screen Shot 2018-09-08 at 3.41.20 PM.png[m
	[31m../cs186/[m
	[31m../local3000fix.png[m
	[31m../pics/[m
	[31m../rake assets.png[m
	[31m../reset heroku database.png[m
	[31m../resumes/[m
	[31m../vladstudio_moai_1280x960_signed-1024x768.jpg[m

nothing added to commit but untracked files present (use "git add" to track)
]0;~/Desktop/142MacBookPro: wilsonwang~/Desktop/142 $ git init
Initialized empty Git repository in /Users/wilsonwang/Desktop/142/.git/
]0;~/Desktop/142MacBookPro: wilsonwang~/Desktop/142 $ git add rem[K[K[K.[K[K[K[K[Kstatus
On branch master

Initial commit

Untracked files:
  (use "git add <file>..." to include in what will be committed)

	[31m.DS_Store[m
	[31mhw/[m
	[31mlabs/[m

nothing added to commit but untracked files present (use "git add" to track)
]0;~/Desktop/142MacBookPro: wilsonwang~/Desktop/142 $ touch .gitignore
]0;~/Desktop/142MacBookPro: wilsonwang~/Desktop/142 $ open .gitignore 
]0;~/Desktop/142MacBookPro: wilsonwang~/Desktop/142 $ git status
On branch master

Initial commit

Untracked files:
  (use "git add <file>..." to include in what will be committed)

	[31m.gitignore[m
	[31mhw/[m
	[31mlabs/[m

nothing added to commit but untracked files present (use "git add" to track)
]0;~/Desktop/142MacBookPro: wilsonwang~/Desktop/142 $ git t[Kremote -v 
]0;~/Desktop/142MacBookPro: wilsonwang~/Desktop/142 $ git remote -v [K[Ka[K[Kadd https://github.com/wilsonw926/ieor142 .git
usage: git remote add [<options>] <name> <url>

    -f, --fetch           fetch the remote branches
    --tags                import all tags and associated objects when fetching
                          or do not fetch any tag at all (--no-tags)
    -t, --track <branch>  branch(es) to track
    -m, --master <branch>
                          master branch
    --mirror[=<push|fetch>]
                          set up remote as a mirror to push to or fetch from

]0;~/Desktop/142MacBookPro: wilsonwang~/Desktop/142 $ git remote add https://github.com/wilsonw926/ieor142..git[A[C[C[C[C[C[C[C[C[C[C[C[C[C[C[C[C[C[C[C[C[C[C[C[C[C[C[C[C[C[C[C[C[C[C[C[C[C[C[C[C[C[C[C[C[C-v [K
[K[A[C[C[C[C[C[C[C[C[C[C[C[C[C[C[C[C[C[C[C[C[C[C[C[C[C[C[C[C[C[C[C[C[C[C[C[C[C[C[C[C[C[C[C[C[C[C[C[C[C[C[C[C[K[K[Kaddo[K origin https://github.com/wilsonw926/ ieor142.git
]0;~/Desktop/142MacBookPro: wilsonwang~/Desktop/142 $ git status
On branch master

Initial commit

Untracked files:
  (use "git add <file>..." to include in what will be committed)

	[31m.gitignore[m
	[31mhw/[m
	[31mlabs/[m

nothing added to commit but untracked files present (use "git add" to track)
]0;~/Desktop/142MacBookPro: wilsonwang~/Desktop/142 $ git statusremote add origin https://github.com/wilsonw926/iieor142.git[A[C[C[C[C[C[C[C[C[C[C[C[C[C[C[C[C[C[C[C[C[C[C[C[C[C[C[C[C[C[C[C[C[C[C[C[C[C[C[C[C[C[Chttps://github.com/wilsonw926/ieor142.git[K[A[C[C[C[C[C[C[C[C[C[C[C[C[C[C[C[C[C[C[C[C[C[C[C[C[C[C[C[C[C[C[C[C[C[C[C[C[C[C[C[C[C[C[C[C[C-v [K
[K[A[C[C[C[C[C[C[C[C[C[C[C[C[C[C[C[C[C[C[C[C[C[C[C[C[C[C[C[C[C[C[C[C[C[C[C[C[C[C[C[C[C[C[C[C[C[C[C[C[C[C[C[C
origin	https://github.com/wilsonw926/ieor142.git (fetch)
origin	https://github.com/wilsonw926/ieor142.git (push)
]0;~/Desktop/142MacBookPro: wilsonwang~/Desktop/142 $ git comm[K[K[K[Kac -m ""r"e"p"u"s"h" "h"w" "t"o"o"
[master (root-commit) 0a822c5] repush hw too
 28 files changed, 1052 insertions(+)
 create mode 100644 .gitignore
 create mode 100644 hw/Homework1/.Rhistory
 create mode 100644 hw/Homework1/.Rproj.user/96E0821/build_options
 create mode 100644 hw/Homework1/.Rproj.user/96E0821/console06/B9F42CF9
 create mode 100644 hw/Homework1/.Rproj.user/96E0821/console06/B9F42CF9.env
 create mode 100644 hw/Homework1/.Rproj.user/96E0821/console06/INDEX001
 create mode 100644 hw/Homework1/.Rproj.user/96E0821/pcs/files-pane.pper
 create mode 100644 hw/Homework1/.Rproj.user/96E0821/pcs/source-pane.pper
 create mode 100644 hw/Homework1/.Rproj.user/96E0821/pcs/windowlayoutstate.pper
 create mode 100644 hw/Homework1/.Rproj.user/96E0821/pcs/workbench-pane.pper
 create mode 100644 hw/Homework1/.Rproj.user/96E0821/rmd-outputs
 create mode 100644 hw/Homework1/.Rproj.user/96E0821/saved_source_markers
 create mode 100644 hw/Homework1/.Rproj.user/96E0821/sources/prop/32E18B76
 create mode 100644 hw/Homework1/.Rproj.user/96E0821/sources/prop/94F5C4F8
 create mode 100644 hw/Homework1/.Rproj.user/96E0821/sources/prop/DA0BB7A8
 create mode 100644 hw/Homework1/.Rproj.user/96E0821/sources/prop/INDEX
 create mode 100644 hw/Homework1/.Rproj.user/96E0821/sources/s-6D5B0584/2932B9A0-contents
 create mode 100644 hw/Homework1/.Rproj.user/96E0821/sources/s-6D5B0584/EDDC2B32-contents
 create mode 100644 hw/Homework1/.Rproj.user/96E0821/sources/s-6D5B0584/F061DAA8
 create mode 100644 hw/Homework1/.Rproj.user/96E0821/sources/s-6D5B0584/F061DAA8-contents
 create mode 100644 hw/Homework1/.Rproj.user/96E0821/sources/s-6D5B0584/lock_file
 create mode 100644 hw/Homework1/.Rproj.user/shared/notebooks/patch-chunk-names
 create mode 100644 hw/Homework1/.Rproj.user/shared/notebooks/paths
 create mode 100644 hw/Homework1/Elantra142-Fall2018.csv
 create mode 100644 hw/Homework1/Homework1.Rproj
 create mode 100644 hw/Homework1/IEOR142-HW1-2018-v1.pdf
 create mode 100644 hw/Homework1/hw1.R
 create mode 160000 labs
]0;~/Desktop/142MacBookPro: wilsonwang~/Desktop/142 $ git push
fatal: The current branch master has no upstream branch.
To push the current branch and set the remote as upstream, use

    git push --set-upstream origin master

]0;~/Desktop/142MacBookPro: wilsonwang~/Desktop/142 $ git push origin master
To https://github.com/wilsonw926/ieor142.git
 ! [rejected]        master -> master (fetch first)
error: failed to push some refs to 'https://github.com/wilsonw926/ieor142.git'
hint: Updates were rejected because the remote contains work that you do
hint: not have locally. This is usually caused by another repository pushing
hint: to the same ref. You may want to first integrate the remote changes
hint: (e.g., 'git pull ...') before pushing again.
hint: See the 'Note about fast-forwards' in 'git push --help' for details.
]0;~/Desktop/142MacBookPro: wilsonwang~/Desktop/142 $ git remote -v
origin	https://github.com/wilsonw926/ieor142.git (fetch)
origin	https://github.com/wilsonw926/ieor142.git (push)
]0;~/Desktop/142MacBookPro: wilsonwang~/Desktop/142 $ git remote -v[K[Kadd origin https://github.com/wilsonw926/ ieor142.git
fatal: remote origin already exists.
]0;~/Desktop/142MacBookPro: wilsonwang~/Desktop/142 $ git satu[K[K[Ktatus
On branch master
Changes not staged for commit:
  (use "git add <file>..." to update what will be committed)
  (use "git checkout -- <file>..." to discard changes in working directory)
  (commit or discard the untracked or modified content in submodules)

	[31mmodified:   hw/Homework1/.Rproj.user/96E0821/console06/B9F42CF9[m
	[31mmodified:   labs[m (modified content, untracked content)

no changes added to commit (use "git add" and/or "git commit -a")
]0;~/Desktop/142MacBookPro: wilsonwang~/Desktop/142 $ git ac -m ""p"u"s"h"
[master 8e46563] push
 1 file changed, 62 insertions(+)
]0;~/Desktop/142MacBookPro: wilsonwang~/Desktop/142 $ git push oriig[K[Kgin master
Counting objects: 44, done.
Delta compression using up to 4 threads.
Compressing objects:   2% (1/36)   Compressing objects:   5% (2/36)   Compressing objects:   8% (3/36)   Compressing objects:  11% (4/36)   Compressing objects:  13% (5/36)   Compressing objects:  16% (6/36)   Compressing objects:  19% (7/36)   Compressing objects:  22% (8/36)   Compressing objects:  25% (9/36)   Compressing objects:  27% (10/36)   Compressing objects:  30% (11/36)   Compressing objects:  33% (12/36)   Compressing objects:  36% (13/36)   Compressing objects:  38% (14/36)   Compressing objects:  41% (15/36)   Compressing objects:  44% (16/36)   Compressing objects:  47% (17/36)   Compressing objects:  50% (18/36)   Compressing objects:  52% (19/36)   Compressing objects:  55% (20/36)   Compressing objects:  58% (21/36)   Compressing objects:  61% (22/36)   Compressing objects:  63% (23/36)   Compressing objects:  66% (24/36)   Compressing objects:  69% (25/36)   Compressing objects:  72% (26/36)   Compressing objects:  75% (27/36)   Compressing objects:  77% (28/36)   Compressing objects:  80% (29/36)   Compressing objects:  83% (30/36)   Compressing objects:  86% (31/36)   Compressing objects:  88% (32/36)   Compressing objects:  91% (33/36)   Compressing objects:  94% (34/36)   Compressing objects:  97% (35/36)   Compressing objects: 100% (36/36)   Compressing objects: 100% (36/36), done.
Writing objects:   2% (1/44)   Writing objects:   4% (2/44)   Writing objects:   6% (3/44)   Writing objects:   9% (4/44)   Writing objects:  11% (5/44)   Writing objects:  13% (6/44)   Writing objects:  15% (7/44)   Writing objects:  18% (8/44)   Writing objects:  20% (9/44)   Writing objects:  22% (10/44)   Writing objects:  25% (11/44)   Writing objects:  27% (12/44)   Writing objects:  29% (13/44)   Writing objects:  31% (14/44)   Writing objects:  34% (15/44)   Writing objects:  36% (16/44)   Writing objects:  38% (17/44)   Writing objects:  40% (18/44)   Writing objects:  43% (19/44)   Writing objects:  45% (20/44)   Writing objects:  47% (21/44)   Writing objects:  50% (22/44)   Writing objects:  52% (23/44)   Writing objects:  54% (24/44)   Writing objects:  56% (25/44)   Writing objects:  59% (26/44)   Writing objects:  61% (27/44)   Writing objects:  63% (28/44)   Writing objects:  65% (29/44)   Writing objects:  68% (30/44)   Writing objects:  70% (31/44)   Writing objects:  72% (32/44)   Writing objects:  75% (33/44)   Writing objects:  77% (34/44)   Writing objects:  79% (35/44)   Writing objects:  81% (36/44)   Writing objects:  84% (37/44)   Writing objects:  86% (38/44)   Writing objects:  88% (39/44)   Writing objects:  90% (40/44)   Writing objects:  93% (41/44)   Writing objects:  95% (42/44)   Writing objects:  97% (43/44)   Writing objects: 100% (44/44)   Writing objects: 100% (44/44), 185.38 KiB | 0 bytes/s, done.
Total 44 (delta 3), reused 0 (delta 0)
remote: Resolving deltas:   0% (0/3)   [Kremote: Resolving deltas:  33% (1/3)   [Kremote: Resolving deltas:  66% (2/3)   [Kremote: Resolving deltas: 100% (3/3)   [Kremote: Resolving deltas: 100% (3/3), done.[K
To https://github.com/wilsonw926/ieor142.git
 * [new branch]      master -> master
]0;~/Desktop/142MacBookPro: wilsonwang~/Desktop/142 $ ls
hw	labs
]0;~/Desktop/142MacBookPro: wilsonwang~/Desktop/142 $ cd labs/\[K
]0;~/Desktop/142/labsMacBookPro: wilsonwang~/Desktop/142/labs $ ls
Lab1		Lab2		labs.Rproj
]0;~/Desktop/142/labsMacBookPro: wilsonwang~/Desktop/142/labs $ git status
On branch master
Your branch is up-to-date with 'origin/master'.
Changes not staged for commit:
  (use "git add/rm <file>..." to update what will be committed)
  (use "git checkout -- <file>..." to discard changes in working directory)

	[31mmodified:   .gitignore[m
	[31mdeleted:    Lab 2/.Rproj.user/96E0821/console06/20D421CE[m
	[31mdeleted:    Lab 2/.Rproj.user/96E0821/console06/INDEX001[m
	[31mmodified:   Lab2/.Rhistory[m
	[31mmodified:   Lab2/.Rproj.user/96E0821/console06/INDEX001[m
	[31mmodified:   Lab2/.Rproj.user/96E0821/pcs/files-pane.pper[m
	[31mmodified:   Lab2/.Rproj.user/96E0821/pcs/source-pane.pper[m
	[31mmodified:   Lab2/.Rproj.user/96E0821/pcs/windowlayoutstate.pper[m
	[31mmodified:   Lab2/.Rproj.user/96E0821/pcs/workbench-pane.pper[m
	[31mmodified:   Lab2/.Rproj.user/96E0821/sources/prop/INDEX[m
	[31mdeleted:    Lab2/.Rproj.user/96E0821/sources/s-D5BC6775/6F787DC7[m
	[31mdeleted:    Lab2/.Rproj.user/96E0821/sources/s-D5BC6775/6F787DC7-contents[m
	[31mdeleted:    Lab2/.Rproj.user/96E0821/sources/s-D5BC6775/lock_file[m

Untracked files:
  (use "git add <file>..." to include in what will be committed)

	[31mLab2/Lab2.Rproj[m

no changes added to commit (use "git add" and/or "git commit -a")
]0;~/Desktop/142/labsMacBookPro: wilsonwang~/Desktop/142/labs $ git ac -m ""r"e"p"u"s"h"
[master d4cf3f4] repush
 14 files changed, 57 insertions(+), 180 deletions(-)
 delete mode 100644 Lab 2/.Rproj.user/96E0821/console06/20D421CE
 delete mode 100644 Lab 2/.Rproj.user/96E0821/console06/INDEX001
 rewrite Lab2/.Rproj.user/96E0821/console06/INDEX001 (84%)
 delete mode 100644 Lab2/.Rproj.user/96E0821/sources/s-D5BC6775/6F787DC7
 delete mode 100644 Lab2/.Rproj.user/96E0821/sources/s-D5BC6775/6F787DC7-contents
 delete mode 100644 Lab2/.Rproj.user/96E0821/sources/s-D5BC6775/lock_file
 create mode 100644 Lab2/Lab2.Rproj
]0;~/Desktop/142/labsMacBookPro: wilsonwang~/Desktop/142/labs $ git push origin master
To https://github.com/wilsonw926/ieor142.git
 ! [rejected]        master -> master (fetch first)
error: failed to push some refs to 'https://github.com/wilsonw926/ieor142.git'
hint: Updates were rejected because the remote contains work that you do
hint: not have locally. This is usually caused by another repository pushing
hint: to the same ref. You may want to first integrate the remote changes
hint: (e.g., 'git pull ...') before pushing again.
hint: See the 'Note about fast-forwards' in 'git push --help' for details.
]0;~/Desktop/142/labsMacBookPro: wilsonwang~/Desktop/142/labs $ git status
On branch master
Your branch is ahead of 'origin/master' by 1 commit.
  (use "git push" to publish your local commits)
nothing to commit, working tree clean
]0;~/Desktop/142/labsMacBookPro: wilsonwang~/Desktop/142/labs $ git pull
warning: no common commits
remote: Counting objects: 44, done.[K
remote: Compressing objects:   3% (1/33)   [Kremote: Compressing objects:   6% (2/33)   [Kremote: Compressing objects:   9% (3/33)   [Kremote: Compressing objects:  12% (4/33)   [Kremote: Compressing objects:  15% (5/33)   [Kremote: Compressing objects:  18% (6/33)   [Kremote: Compressing objects:  21% (7/33)   [Kremote: Compressing objects:  24% (8/33)   [Kremote: Compressing objects:  27% (9/33)   [Kremote: Compressing objects:  30% (10/33)   [Kremote: Compressing objects:  33% (11/33)   [Kremote: Compressing objects:  36% (12/33)   [Kremote: Compressing objects:  39% (13/33)   [Kremote: Compressing objects:  42% (14/33)   [Kremote: Compressing objects:  45% (15/33)   [Kremote: Compressing objects:  48% (16/33)   [Kremote: Compressing objects:  51% (17/33)   [Kremote: Compressing objects:  54% (18/33)   [Kremote: Compressing objects:  57% (19/33)   [Kremote: Compressing objects:  60% (20/33)   [Kremote: Compressing objects:  63% (21/33)   [Kremote: Compressing objects:  66% (22/33)   [Kremote: Compressing objects:  69% (23/33)   [Kremote: Compressing objects:  72% (24/33)   [Kremote: Compressing objects:  75% (25/33)   [Kremote: Compressing objects:  78% (26/33)   [Kremote: Compressing objects:  81% (27/33)   [Kremote: Compressing objects:  84% (28/33)   [Kremote: Compressing objects:  87% (29/33)   [Kremote: Compressing objects:  90% (30/33)   [Kremote: Compressing objects:  93% (31/33)   [Kremote: Compressing objects:  96% (32/33)   [Kremote: Compressing objects: 100% (33/33)   [Kremote: Compressing objects: 100% (33/33), done.[K
Unpacking objects:   2% (1/44)   Unpacking objects:   4% (2/44)   Unpacking objects:   6% (3/44)   Unpacking objects:   9% (4/44)   Unpacking objects:  11% (5/44)   Unpacking objects:  13% (6/44)   Unpacking objects:  15% (7/44)   Unpacking objects:  18% (8/44)   Unpacking objects:  20% (9/44)   Unpacking objects:  22% (10/44)   Unpacking objects:  25% (11/44)   Unpacking objects:  27% (12/44)   Unpacking objects:  29% (13/44)   Unpacking objects:  31% (14/44)   Unpacking objects:  34% (15/44)   Unpacking objects:  36% (16/44)   Unpacking objects:  38% (17/44)   Unpacking objects:  40% (18/44)   Unpacking objects:  43% (19/44)   Unpacking objects:  45% (20/44)   Unpacking objects:  47% (21/44)   Unpacking objects:  50% (22/44)   Unpacking objects:  52% (23/44)   Unpacking objects:  54% (24/44)   Unpacking objects:  56% (25/44)   Unpacking objects:  59% (26/44)   Unpacking objects:  61% (27/44)   Unpacking objects:  63% (28/44)   Unpacking objects:  65% (29/44)   Unpacking objects:  68% (30/44)   Unpacking objects:  70% (31/44)   Unpacking objects:  72% (32/44)   Unpacking objects:  75% (33/44)   Unpacking objects:  77% (34/44)   Unpacking objects:  79% (35/44)   Unpacking objects:  81% (36/44)   remote: Total 44 (delta 3), reused 44 (delta 3), pack-reused 0[K
Unpacking objects:  84% (37/44)   Unpacking objects:  86% (38/44)   Unpacking objects:  88% (39/44)   Unpacking objects:  90% (40/44)   Unpacking objects:  93% (41/44)   Unpacking objects:  95% (42/44)   Unpacking objects:  97% (43/44)   Unpacking objects: 100% (44/44)   Unpacking objects: 100% (44/44), done.
From https://github.com/wilsonw926/ieor142
 + 7420f6a...8e46563 master     -> origin/master  (forced update)
fatal: refusing to merge unrelated histories
]0;~/Desktop/142/labsMacBookPro: wilsonwang~/Desktop/142/labs $ git push
To https://github.com/wilsonw926/ieor142.git
 ! [rejected]        master -> master (non-fast-forward)
error: failed to push some refs to 'https://github.com/wilsonw926/ieor142.git'
hint: Updates were rejected because the tip of your current branch is behind
hint: its remote counterpart. Integrate the remote changes (e.g.
hint: 'git pull ...') before pushing again.
hint: See the 'Note about fast-forwards' in 'git push --help' for details.
]0;~/Desktop/142/labsMacBookPro: wilsonwang~/Desktop/142/labs $ git pull origin master
From https://github.com/wilsonw926/ieor142
 * branch            master     -> FETCH_HEAD
fatal: refusing to merge unrelated histories
]0;~/Desktop/142/labsMacBookPro: wilsonwang~/Desktop/142/labs $ git push
To https://github.com/wilsonw926/ieor142.git
 ! [rejected]        master -> master (non-fast-forward)
error: failed to push some refs to 'https://github.com/wilsonw926/ieor142.git'
hint: Updates were rejected because the tip of your current branch is behind
hint: its remote counterpart. Integrate the remote changes (e.g.
hint: 'git pull ...') before pushing again.
hint: See the 'Note about fast-forwards' in 'git push --help' for details.
]0;~/Desktop/142/labsMacBookPro: wilsonwang~/Desktop/142/labs $ git push -f origim [K[Kn master
Counting objects: 88, done.
Delta compression using up to 4 threads.
Compressing objects:   1% (1/70)   Compressing objects:   2% (2/70)   Compressing objects:   4% (3/70)   Compressing objects:   5% (4/70)   Compressing objects:   7% (5/70)   Compressing objects:   8% (6/70)   Compressing objects:  10% (7/70)   Compressing objects:  11% (8/70)   Compressing objects:  12% (9/70)   Compressing objects:  14% (10/70)   Compressing objects:  15% (11/70)   Compressing objects:  17% (12/70)   Compressing objects:  18% (13/70)   Compressing objects:  20% (14/70)   Compressing objects:  21% (15/70)   Compressing objects:  22% (16/70)   Compressing objects:  24% (17/70)   Compressing objects:  25% (18/70)   Compressing objects:  27% (19/70)   Compressing objects:  28% (20/70)   Compressing objects:  30% (21/70)   Compressing objects:  31% (22/70)   Compressing objects:  32% (23/70)   Compressing objects:  34% (24/70)   Compressing objects:  35% (25/70)   Compressing objects:  37% (26/70)   Compressing objects:  38% (27/70)   Compressing objects:  40% (28/70)   Compressing objects:  41% (29/70)   Compressing objects:  42% (30/70)   Compressing objects:  44% (31/70)   Compressing objects:  45% (32/70)   Compressing objects:  47% (33/70)   Compressing objects:  48% (34/70)   Compressing objects:  50% (35/70)   Compressing objects:  51% (36/70)   Compressing objects:  52% (37/70)   Compressing objects:  54% (38/70)   Compressing objects:  55% (39/70)   Compressing objects:  57% (40/70)   Compressing objects:  58% (41/70)   Compressing objects:  60% (42/70)   Compressing objects:  61% (43/70)   Compressing objects:  62% (44/70)   Compressing objects:  64% (45/70)   Compressing objects:  65% (46/70)   Compressing objects:  67% (47/70)   Compressing objects:  68% (48/70)   Compressing objects:  70% (49/70)   Compressing objects:  71% (50/70)   Compressing objects:  72% (51/70)   Compressing objects:  74% (52/70)   Compressing objects:  75% (53/70)   Compressing objects:  77% (54/70)   Compressing objects:  78% (55/70)   Compressing objects:  80% (56/70)   Compressing objects:  81% (57/70)   Compressing objects:  82% (58/70)   Compressing objects:  84% (59/70)   Compressing objects:  85% (60/70)   Compressing objects:  87% (61/70)   Compressing objects:  88% (62/70)   Compressing objects:  90% (63/70)   Compressing objects:  91% (64/70)   Compressing objects:  92% (65/70)   Compressing objects:  94% (66/70)   Compressing objects:  95% (67/70)   Compressing objects:  97% (68/70)   Compressing objects:  98% (69/70)   Compressing objects: 100% (70/70)   Compressing objects: 100% (70/70), done.
Writing objects:   1% (1/88)   Writing objects:   2% (2/88)   Writing objects:   3% (3/88)   Writing objects:   5% (5/88)   Writing objects:   7% (7/88)   Writing objects:   9% (8/88)   Writing objects:  10% (9/88)   Writing objects:  11% (10/88)   Writing objects:  12% (11/88)   Writing objects:  13% (12/88)   Writing objects:  14% (13/88)   Writing objects:  15% (14/88)   Writing objects:  17% (15/88)   Writing objects:  18% (16/88)   Writing objects:  19% (17/88)   Writing objects:  20% (18/88)   Writing objects:  21% (19/88)   Writing objects:  22% (20/88)   Writing objects:  23% (21/88)   Writing objects:  26% (23/88)   Writing objects:  27% (24/88)   Writing objects:  29% (26/88)   Writing objects:  30% (27/88)   Writing objects:  31% (28/88)   Writing objects:  32% (29/88)   Writing objects:  34% (30/88)   Writing objects:  35% (31/88)   Writing objects:  36% (32/88)   Writing objects:  37% (33/88)   Writing objects:  38% (34/88)   Writing objects:  39% (35/88)   Writing objects:  40% (36/88)   Writing objects:  42% (37/88)   Writing objects:  43% (38/88)   Writing objects:  44% (39/88)   Writing objects:  45% (40/88)   Writing objects:  46% (41/88)   Writing objects:  47% (42/88)   Writing objects:  48% (43/88)   Writing objects:  50% (44/88)   Writing objects:  51% (45/88)   Writing objects:  52% (46/88)   Writing objects:  53% (47/88)   Writing objects:  54% (48/88)   Writing objects:  55% (49/88)   Writing objects:  56% (50/88)   Writing objects:  59% (52/88)   Writing objects:  60% (53/88)   Writing objects:  61% (54/88)   Writing objects:  62% (55/88)   Writing objects:  63% (56/88)   Writing objects:  64% (57/88)   Writing objects:  65% (58/88)   Writing objects:  67% (59/88)   Writing objects:  68% (60/88)   Writing objects:  69% (61/88)   Writing objects:  70% (62/88)   Writing objects:  71% (63/88)   Writing objects:  72% (64/88)   Writing objects:  73% (65/88)   Writing objects:  75% (66/88)   Writing objects:  76% (67/88)   Writing objects:  77% (68/88)   Writing objects:  78% (69/88)   Writing objects:  79% (70/88)   Writing objects:  80% (71/88)   Writing objects:  81% (72/88)   Writing objects:  82% (73/88)   Writing objects:  84% (74/88)   Writing objects:  85% (75/88)   Writing objects:  86% (76/88)   Writing objects:  87% (77/88)   Writing objects:  88% (78/88)   Writing objects:  89% (79/88)   Writing objects:  90% (80/88)   Writing objects:  92% (81/88)   Writing objects:  93% (82/88)   Writing objects:  94% (83/88)   Writing objects:  95% (84/88)   Writing objects:  96% (85/88)   Writing objects:  97% (86/88)   Writing objects:  98% (87/88)   Writing objects: 100% (88/88)   Writing objects: 100% (88/88), 199.09 KiB | 0 bytes/s, done.
Total 88 (delta 17), reused 0 (delta 0)
remote: Resolving deltas:   0% (0/17)   [Kremote: Resolving deltas:  11% (2/17)   [Kremote: Resolving deltas:  17% (3/17)   [Kremote: Resolving deltas:  23% (4/17)   [Kremote: Resolving deltas:  35% (6/17)   [Kremote: Resolving deltas:  52% (9/17)   [Kremote: Resolving deltas:  64% (11/17)   [Kremote: Resolving deltas:  70% (12/17)   [Kremote: Resolving deltas:  76% (13/17)   [Kremote: Resolving deltas:  88% (15/17)   [Kremote: Resolving deltas:  94% (16/17)   [Kremote: Resolving deltas: 100% (17/17)   [Kremote: Resolving deltas: 100% (17/17), done.[K
To https://github.com/wilsonw926/ieor142.git
 + 8e46563...d4cf3f4 master -> master (forced update)
]0;~/Desktop/142/labsMacBookPro: wilsonwang~/Desktop/142/labs $ cd ..
]0;~/Desktop/142MacBookPro: wilsonwang~/Desktop/142 $ ls
hw	labs
]0;~/Desktop/142MacBookPro: wilsonwang~/Desktop/142 $ git status
On branch master
Changes not staged for commit:
  (use "git add <file>..." to update what will be committed)
  (use "git checkout -- <file>..." to discard changes in working directory)
  (commit or discard the untracked or modified content in submodules)

	[31mmodified:   hw/Homework1/.Rproj.user/96E0821/console06/B9F42CF9[m
	[31mmodified:   hw/Homework1/.Rproj.user/96E0821/console06/B9F42CF9.env[m
	[31mmodified:   labs[m (modified content, untracked content)

no changes added to commit (use "git add" and/or "git commit -a")
]0;~/Desktop/142MacBookPro: wilsonwang~/Desktop/142 $ git ac -m ""a"i"y"a"h"
[master debb163] aiyah
 2 files changed, 123 insertions(+), 2 deletions(-)
]0;~/Desktop/142MacBookPro: wilsonwang~/Desktop/142 $ git push -f origin master
Counting objects: 53, done.
Delta compression using up to 4 threads.
Compressing objects:   2% (1/44)   Compressing objects:   4% (2/44)   Compressing objects:   6% (3/44)   Compressing objects:   9% (4/44)   Compressing objects:  11% (5/44)   Compressing objects:  13% (6/44)   Compressing objects:  15% (7/44)   Compressing objects:  18% (8/44)   Compressing objects:  20% (9/44)   Compressing objects:  22% (10/44)   Compressing objects:  25% (11/44)   Compressing objects:  27% (12/44)   Compressing objects:  29% (13/44)   Compressing objects:  31% (14/44)   Compressing objects:  34% (15/44)   Compressing objects:  36% (16/44)   Compressing objects:  38% (17/44)   Compressing objects:  40% (18/44)   Compressing objects:  43% (19/44)   Compressing objects:  45% (20/44)   Compressing objects:  47% (21/44)   Compressing objects:  50% (22/44)   Compressing objects:  52% (23/44)   Compressing objects:  54% (24/44)   Compressing objects:  56% (25/44)   Compressing objects:  59% (26/44)   Compressing objects:  61% (27/44)   Compressing objects:  63% (28/44)   Compressing objects:  65% (29/44)   Compressing objects:  68% (30/44)   Compressing objects:  70% (31/44)   Compressing objects:  72% (32/44)   Compressing objects:  75% (33/44)   Compressing objects:  77% (34/44)   Compressing objects:  79% (35/44)   Compressing objects:  81% (36/44)   Compressing objects:  84% (37/44)   Compressing objects:  86% (38/44)   Compressing objects:  88% (39/44)   Compressing objects:  90% (40/44)   Compressing objects:  93% (41/44)   Compressing objects:  95% (42/44)   Compressing objects:  97% (43/44)   Compressing objects: 100% (44/44)   Compressing objects: 100% (44/44), done.
Writing objects:   1% (1/53)   Writing objects:   3% (2/53)   Writing objects:   5% (3/53)   Writing objects:   7% (4/53)   Writing objects:   9% (5/53)   Writing objects:  11% (6/53)   Writing objects:  13% (7/53)   Writing objects:  15% (8/53)   Writing objects:  16% (9/53)   Writing objects:  18% (10/53)   Writing objects:  20% (11/53)   Writing objects:  22% (12/53)   Writing objects:  24% (13/53)   Writing objects:  26% (14/53)   Writing objects:  28% (15/53)   Writing objects:  30% (16/53)   Writing objects:  32% (17/53)   Writing objects:  33% (18/53)   Writing objects:  35% (19/53)   Writing objects:  37% (20/53)   Writing objects:  39% (21/53)   Writing objects:  41% (22/53)   Writing objects:  43% (23/53)   Writing objects:  45% (24/53)   Writing objects:  47% (25/53)   Writing objects:  49% (26/53)   Writing objects:  50% (27/53)   Writing objects:  52% (28/53)   Writing objects:  54% (29/53)   Writing objects:  56% (30/53)   Writing objects:  58% (31/53)   Writing objects:  60% (32/53)   Writing objects:  62% (33/53)   Writing objects:  64% (34/53)   Writing objects:  66% (35/53)   Writing objects:  67% (36/53)   Writing objects:  69% (37/53)   Writing objects:  71% (38/53)   Writing objects:  73% (39/53)   Writing objects:  75% (40/53)   Writing objects:  77% (41/53)   Writing objects:  79% (42/53)   Writing objects:  81% (43/53)   Writing objects:  83% (44/53)   Writing objects:  84% (45/53)   Writing objects:  86% (46/53)   Writing objects:  88% (47/53)   Writing objects:  90% (48/53)   Writing objects:  92% (49/53)   Writing objects:  94% (50/53)   Writing objects:  96% (51/53)   Writing objects:  98% (52/53)   Writing objects: 100% (53/53)   Writing objects: 100% (53/53), 188.50 KiB | 0 bytes/s, done.
Total 53 (delta 7), reused 0 (delta 0)
remote: Resolving deltas:   0% (0/7)   [Kremote: Resolving deltas:  28% (2/7)   [Kremote: Resolving deltas:  57% (4/7)   [Kremote: Resolving deltas:  85% (6/7)   [Kremote: Resolving deltas: 100% (7/7)   [Kremote: Resolving deltas: 100% (7/7), done.[K
To https://github.com/wilsonw926/ieor142.git
 + d4cf3f4...debb163 master -> master (forced update)
]0;~/Desktop/142MacBookPro: wilsonwang~/Desktop/142 $ git status
On branch master
Changes not staged for commit:
  (use "git add <file>..." to update what will be committed)
  (use "git checkout -- <file>..." to discard changes in working directory)
  (commit or discard the untracked or modified content in submodules)

	[31mmodified:   hw/Homework1/.Rproj.user/96E0821/console06/B9F42CF9[m
	[31mmodified:   hw/Homework1/.Rproj.user/96E0821/console06/B9F42CF9.env[m
	[31mmodified:   labs[m (modified content, untracked content)

Untracked files:
  (use "git add <file>..." to include in what will be committed)

	[31mlabs copy/[m

no changes added to commit (use "git add" and/or "git commit -a")
]0;~/Desktop/142MacBookPro: wilsonwang~/Desktop/142 $ git ac -m ""h"e"l"p"
[master e206e95] help
 3 files changed, 33 insertions(+), 3 deletions(-)
 create mode 160000 labs copy
]0;~/Desktop/142MacBookPro: wilsonwang~/Desktop/142 $ git push ori[K[K[K-f origin master
Counting objects: 9, done.
Delta compression using up to 4 threads.
Compressing objects:  12% (1/8)   Compressing objects:  25% (2/8)   Compressing objects:  37% (3/8)   Compressing objects:  50% (4/8)   Compressing objects:  62% (5/8)   Compressing objects:  75% (6/8)   Compressing objects:  87% (7/8)   Compressing objects: 100% (8/8)   Compressing objects: 100% (8/8), done.
Writing objects:  11% (1/9)   Writing objects:  22% (2/9)   Writing objects:  33% (3/9)   Writing objects:  44% (4/9)   Writing objects:  55% (5/9)   Writing objects:  66% (6/9)   Writing objects:  77% (7/9)   Writing objects:  88% (8/9)   Writing objects: 100% (9/9)   Writing objects: 100% (9/9), 1.51 KiB | 0 bytes/s, done.
Total 9 (delta 4), reused 0 (delta 0)
remote: Resolving deltas:   0% (0/4)   [Kremote: Resolving deltas:  25% (1/4)   [Kremote: Resolving deltas:  50% (2/4)   [Kremote: Resolving deltas:  75% (3/4)   [Kremote: Resolving deltas: 100% (4/4)   [Kremote: Resolving deltas: 100% (4/4), completed with 4 local objects.[K
To https://github.com/wilsonw926/ieor142.git
   debb163..e206e95  master -> master
]0;~/Desktop/142MacBookPro: wilsonwang~/Desktop/142 $ git push -f origin master[9Pac -m "help"
